Generated loader: D:\WinPro.Delta\Projects\FLW\FLW-V2\adventure-english-world\unit006\load_flw_native_generated_course.php

$ C:\Dev\MoodleWindowsInstaller-latest-501\server\php\php.exe -l D:\WinPro.Delta\Projects\FLW\FLW-V2\adventure-english-world\unit006\load_flw_native_generated_course.php
No syntax errors detected in D:\WinPro.Delta\Projects\FLW\FLW-V2\adventure-english-world\unit006\load_flw_native_generated_course.php
$ C:\Dev\MoodleWindowsInstaller-latest-501\server\php\php.exe D:\WinPro.Delta\Projects\FLW\FLW-V2\adventure-english-world\unit006\load_flw_native_generated_course.php
{
    "courseid": 106,
    "shortname": "FLW-AEW2-U006-NATIVE",
    "fullname": "Adventure English World V2 - Unit 6 Mini Quest Review",
    "conversion": "native_label_resources_no_iframe",
    "source": "D:/WinPro.Delta/Projects/FLW/FLW-V2/adventure-english-world/unit006",
    "static_assets_dir": "C:\\Dev\\MoodleWindowsInstaller-latest-501\\server\\moodle\\public/flwcontent/english/adventure_v2/unit006_native",
    "static_assets_url": "https://192.168.129.79/flwcontent/english/adventure_v2/unit006_native",
    "course_cover_image": "AEW2_U006_IMG01_cover_mini_quest_review.png",
    "label_resources": [
        {
            "section": 1,
            "name": "Unit Overview",
            "cmid": 861
        },
        {
            "section": 2,
            "name": "Learning Path",
            "cmid": 862
        },
        {
            "section": 3,
            "name": "Unit Story",
            "cmid": 863
        },
        {
            "section": 4,
            "name": "Lesson 1 - \uff0bLesson 1 \u2014 Hello Gate",
            "cmid": 864
        },
        {
            "section": 5,
            "name": "Lesson 2 - \uff0bLesson 2 \u2014 Color Clue",
            "cmid": 865
        },
        {
            "section": 6,
            "name": "Lesson 3 - \uff0bLesson 3 \u2014 Number Bridge",
            "cmid": 866
        },
        {
            "section": 7,
            "name": "Lesson 4 - \uff0bLesson 4 \u2014 Action Door",
            "cmid": 867
        },
        {
            "section": 8,
            "name": "Lesson 5 - \uff0bLesson 5 \u2014 Animal Garden",
            "cmid": 868
        },
        {
            "section": 9,
            "name": "Lesson 6 - \uff0bLesson 6 \u2014 Five-Clue Trail",
            "cmid": 869
        },
        {
            "section": 10,
            "name": "Lesson 7 - \uff0bLesson 7 \u2014 My Mini Mission",
            "cmid": 870
        },
        {
            "section": 11,
            "name": "Lesson 8 - \uff0bWatch \u2014 Mini Quest Review Video",
            "cmid": 871
        },
        {
            "section": 12,
            "name": "Lesson 9 - \uff0bFinal Project \u2014 My Mini Picture Mission",
            "cmid": 872
        }
    ],
    "quiz_cmid": 873,
    "quiz_question_count": 105,
    "teacher_guide_cmid": 874,
    "enrolments": [
        {
            "username": "win.pro",
            "userid": 4,
            "role": "student"
        },
        {
            "username": "winpro.delta",
            "userid": 3,
            "role": "student"
        },
        {
            "username": "admin",
            "userid": 2,
            "role": "editingteacher"
        }
    ],
    "courseurl": "https://192.168.129.79/course/view.php?id=106",
    "quizurl": "https://192.168.129.79/mod/quiz/view.php?id=873"
}
$ C:\Dev\MoodleWindowsInstaller-latest-501\server\php\php.exe C:\Dev\MoodleWindowsInstaller-latest-501\server\moodle\admin\cli\purge_caches.php
https://192.168.129.79/course/view.php?id=106 -> HTTP 200
https://192.168.129.79/mod/quiz/view.php?id=873 -> HTTP 200
https://192.168.129.79/flwcontent/english/adventure_v2/unit006_native -> HTTP 200

Done. Log saved to D:\WinPro.Delta\Projects\FLW\FLW-V2\adventure-english-world\unit006\conversion_logs\native_conversion_20260702_170259.log
