Generated loader: D:\WinPro.Delta\Projects\FLW\FLW-V2\adventure-english-world\unit002\load_flw_native_generated_course.php

$ C:\Dev\MoodleWindowsInstaller-latest-501\server\php\php.exe -l D:\WinPro.Delta\Projects\FLW\FLW-V2\adventure-english-world\unit002\load_flw_native_generated_course.php
No syntax errors detected in D:\WinPro.Delta\Projects\FLW\FLW-V2\adventure-english-world\unit002\load_flw_native_generated_course.php
$ C:\Dev\MoodleWindowsInstaller-latest-501\server\php\php.exe D:\WinPro.Delta\Projects\FLW\FLW-V2\adventure-english-world\unit002\load_flw_native_generated_course.php
{
    "courseid": 102,
    "shortname": "FLW-AEW2-U002-NATIVE",
    "fullname": "Adventure English World V2 - Unit 2 Color Quest",
    "conversion": "native_label_resources_no_iframe",
    "source": "D:/WinPro.Delta/Projects/FLW/FLW-V2/adventure-english-world/unit002",
    "static_assets_dir": "C:\\Dev\\MoodleWindowsInstaller-latest-501\\server\\moodle\\public/flwcontent/english/adventure_v2/unit002_native",
    "static_assets_url": "https://192.168.129.79/flwcontent/english/adventure_v2/unit002_native",
    "label_resources": [
        {
            "section": 1,
            "name": "Overview & Unit Map",
            "cmid": 481
        },
        {
            "section": 2,
            "name": "Core Language",
            "cmid": 482
        },
        {
            "section": 3,
            "name": "Lesson 1 - Hello, Color Quest!",
            "cmid": 483
        },
        {
            "section": 4,
            "name": "Lesson 2 - Meet the Colors",
            "cmid": 484
        },
        {
            "section": 5,
            "name": "Lesson 3 - It\u2019s Red!",
            "cmid": 485
        },
        {
            "section": 6,
            "name": "Lesson 4 - Color Objects",
            "cmid": 486
        },
        {
            "section": 7,
            "name": "Lesson 5 - Color Clue Hunt",
            "cmid": 487
        },
        {
            "section": 8,
            "name": "Lesson 6 - Toto\u2019s Color Story",
            "cmid": 488
        },
        {
            "section": 9,
            "name": "Lesson 7 - My Color Mini-Poster",
            "cmid": 489
        },
        {
            "section": 10,
            "name": "Watch Lesson",
            "cmid": 490
        },
        {
            "section": 11,
            "name": "Final Project",
            "cmid": 491
        }
    ],
    "quiz_cmid": 492,
    "quiz_question_count": 108,
    "teacher_guide_cmid": 493,
    "enrolments": [
        {
            "username": "win.pro",
            "userid": 4,
            "role": "student"
        },
        {
            "username": "winpro.delta",
            "userid": 3,
            "role": "student"
        },
        {
            "username": "admin",
            "userid": 2,
            "role": "editingteacher"
        }
    ],
    "courseurl": "https://192.168.129.79/course/view.php?id=102",
    "quizurl": "https://192.168.129.79/mod/quiz/view.php?id=492"
}
$ C:\Dev\MoodleWindowsInstaller-latest-501\server\php\php.exe C:\Dev\MoodleWindowsInstaller-latest-501\server\moodle\admin\cli\purge_caches.php
https://192.168.129.79/course/view.php?id=102 -> HTTP 200
https://192.168.129.79/mod/quiz/view.php?id=492 -> HTTP 200
https://192.168.129.79/flwcontent/english/adventure_v2/unit002_native -> HTTP 200

Done. Log saved to D:\WinPro.Delta\Projects\FLW\FLW-V2\adventure-english-world\unit002\conversion_logs\native_conversion_20260630_232239.log
