Generated loader: D:\WinPro.Delta\Projects\FLW\FLW-V2\adventure-english-world\unit005\load_flw_native_generated_course.php

$ C:\Dev\MoodleWindowsInstaller-latest-501\server\php\php.exe -l D:\WinPro.Delta\Projects\FLW\FLW-V2\adventure-english-world\unit005\load_flw_native_generated_course.php
No syntax errors detected in D:\WinPro.Delta\Projects\FLW\FLW-V2\adventure-english-world\unit005\load_flw_native_generated_course.php
$ C:\Dev\MoodleWindowsInstaller-latest-501\server\php\php.exe D:\WinPro.Delta\Projects\FLW\FLW-V2\adventure-english-world\unit005\load_flw_native_generated_course.php
{
    "courseid": 105,
    "shortname": "FLW-AEW2-U005-NATIVE",
    "fullname": "Adventure English World V2 - Unit 5: Animal Friends",
    "conversion": "native_label_resources_no_iframe",
    "source": "D:/WinPro.Delta/Projects/FLW/FLW-V2/adventure-english-world/unit005",
    "static_assets_dir": "C:\\Dev\\MoodleWindowsInstaller-latest-501\\server\\moodle\\public/flwcontent/english/adventure_v2/unit005_native",
    "static_assets_url": "https://192.168.129.79/flwcontent/english/adventure_v2/unit005_native",
    "course_cover_image": "AWV2_U005_IMG01_cover_animal_friends.jpg",
    "label_resources": [
        {
            "section": 1,
            "name": "Unit Overview",
            "cmid": 816
        },
        {
            "section": 2,
            "name": "Unit Story",
            "cmid": 817
        },
        {
            "section": 3,
            "name": "Section",
            "cmid": 818
        },
        {
            "section": 4,
            "name": "Section 2",
            "cmid": 819
        },
        {
            "section": 5,
            "name": "Section 3",
            "cmid": 820
        },
        {
            "section": 6,
            "name": "Section 4",
            "cmid": 821
        },
        {
            "section": 7,
            "name": "Section 5",
            "cmid": 822
        },
        {
            "section": 8,
            "name": "Section 6",
            "cmid": 823
        },
        {
            "section": 9,
            "name": "Final Project",
            "cmid": 824
        },
        {
            "section": 10,
            "name": "Watch Lesson",
            "cmid": 825
        },
        {
            "section": 11,
            "name": "Final Project 2",
            "cmid": 826
        },
        {
            "section": 12,
            "name": "What I Can Do Now",
            "cmid": 827
        }
    ],
    "quiz_cmid": 828,
    "quiz_question_count": 76,
    "teacher_guide_cmid": 829,
    "enrolments": [
        {
            "username": "win.pro",
            "userid": 4,
            "role": "student"
        },
        {
            "username": "winpro.delta",
            "userid": 3,
            "role": "student"
        },
        {
            "username": "admin",
            "userid": 2,
            "role": "editingteacher"
        }
    ],
    "courseurl": "https://192.168.129.79/course/view.php?id=105",
    "quizurl": "https://192.168.129.79/mod/quiz/view.php?id=828"
}
$ C:\Dev\MoodleWindowsInstaller-latest-501\server\php\php.exe C:\Dev\MoodleWindowsInstaller-latest-501\server\moodle\admin\cli\purge_caches.php
https://192.168.129.79/course/view.php?id=105 -> HTTP 200
https://192.168.129.79/mod/quiz/view.php?id=828 -> HTTP 200
https://192.168.129.79/flwcontent/english/adventure_v2/unit005_native -> HTTP 200

Done. Log saved to D:\WinPro.Delta\Projects\FLW\FLW-V2\adventure-english-world\unit005\conversion_logs\native_conversion_20260702_154312.log
