Generated loader: D:\WinPro.Delta\Projects\FLW\FLW-V2\adventure-english-world\unit008\load_flw_native_generated_course.php

$ C:\Dev\MoodleWindowsInstaller-latest-501\server\php\php.exe -l D:\WinPro.Delta\Projects\FLW\FLW-V2\adventure-english-world\unit008\load_flw_native_generated_course.php
No syntax errors detected in D:\WinPro.Delta\Projects\FLW\FLW-V2\adventure-english-world\unit008\load_flw_native_generated_course.php
$ C:\Dev\MoodleWindowsInstaller-latest-501\server\php\php.exe D:\WinPro.Delta\Projects\FLW\FLW-V2\adventure-english-world\unit008\load_flw_native_generated_course.php
{
    "courseid": 108,
    "shortname": "FLW-AEW2-U008-NATIVE",
    "fullname": "Adventure English World V2 - Unit 8 Body Move Quest",
    "conversion": "native_label_resources_no_iframe",
    "source": "D:/WinPro.Delta/Projects/FLW/FLW-V2/adventure-english-world/unit008",
    "static_assets_dir": "C:\\Dev\\MoodleWindowsInstaller-latest-501\\server\\moodle\\public/flwcontent/english/adventure_v2/unit008_native",
    "static_assets_url": "https://192.168.129.79/flwcontent/english/adventure_v2/unit008_native",
    "course_cover_image": "AEW2_U008_IMG01_cover_body_move_quest.png",
    "label_resources": [
        {
            "section": 1,
            "name": "Unit Overview",
            "cmid": 1026
        },
        {
            "section": 2,
            "name": "Unit Story",
            "cmid": 1027
        },
        {
            "section": 3,
            "name": "Unit Words",
            "cmid": 1028
        },
        {
            "section": 4,
            "name": "Lesson 1 - Body Clue Start",
            "cmid": 1029
        },
        {
            "section": 5,
            "name": "Lesson 2 - Face Clues",
            "cmid": 1030
        },
        {
            "section": 6,
            "name": "Lesson 3 - Touch Your Head",
            "cmid": 1031
        },
        {
            "section": 7,
            "name": "Lesson 4 - My Hand / Your Hand",
            "cmid": 1032
        },
        {
            "section": 8,
            "name": "Lesson 5 - Move with the Team",
            "cmid": 1033
        },
        {
            "section": 9,
            "name": "Lesson 6 - Listen, Point, Move",
            "cmid": 1034
        },
        {
            "section": 10,
            "name": "Lesson 7 - Make the Chant",
            "cmid": 1035
        },
        {
            "section": 11,
            "name": "Watch Lesson",
            "cmid": 1036
        },
        {
            "section": 12,
            "name": "Final Project",
            "cmid": 1037
        },
        {
            "section": 13,
            "name": "My Portfolio Evidence",
            "cmid": 1038
        }
    ],
    "quiz_cmid": 1039,
    "quiz_question_count": 106,
    "teacher_guide_cmid": 1040,
    "enrolments": [
        {
            "username": "win.pro",
            "userid": 4,
            "role": "student"
        },
        {
            "username": "winpro.delta",
            "userid": 3,
            "role": "student"
        },
        {
            "username": "admin",
            "userid": 2,
            "role": "editingteacher"
        }
    ],
    "courseurl": "https://192.168.129.79/course/view.php?id=108",
    "quizurl": "https://192.168.129.79/mod/quiz/view.php?id=1039"
}
$ C:\Dev\MoodleWindowsInstaller-latest-501\server\php\php.exe C:\Dev\MoodleWindowsInstaller-latest-501\server\moodle\admin\cli\purge_caches.php
https://192.168.129.79/course/view.php?id=108 -> HTTP 200
https://192.168.129.79/mod/quiz/view.php?id=1039 -> HTTP 200
https://192.168.129.79/flwcontent/english/adventure_v2/unit008_native -> HTTP 200

Done. Log saved to D:\WinPro.Delta\Projects\FLW\FLW-V2\adventure-english-world\unit008\conversion_logs\native_conversion_20260702_185316.log
